--------- beginning of main
03-24 00:23:21.296  9988  9990 I cmd     : oneway function results will be dropped but finished with status OK and parcel size 4
03-24 00:23:21.749 10005 10008 I cmd     : oneway function results will be dropped but finished with status OK and parcel size 4
03-24 00:23:21.808 10009 10012 I cmd     : oneway function results will be dropped but finished with status OK and parcel size 4
03-24 00:23:22.096 10024 10026 I cmd     : oneway function results will be dropped but finished with status OK and parcel size 4
03-24 00:23:23.607 10034 10034 E libc    : Access denied finding property "persist.device_config.runtime_native_boot.profilebootclasspath"
03-24 00:23:23.608 10034 10034 E libc    : Access denied finding property "persist.device_config.runtime_native_boot.enable_apex_image"
03-24 00:23:23.608 10034 10034 I AndroidRuntime: Using default boot image
03-24 00:23:23.608 10034 10034 E libc    : Access denied finding property "persist.device_config.runtime_native_boot.disable_lock_profiling"
03-24 00:23:23.609 10034 10034 I AndroidRuntime: Leaving lock profiling enabled
03-24 00:23:23.610 10034 10034 E libc    : Access denied finding property "persist.device_config.runtime_native_boot.enable_generational_cc"
03-24 00:23:23.601 10034 10034 W app_process: type=1400 audit(0.0:1708): avc: denied { read } for name="u:object_r:device_config_runtime_native_boot_prop:s0" dev="tmpfs" ino=9388 scontext=u:r:shell:s0 tcontext=u:object_r:device_config_runtime_native_boot_prop:s0 tclass=file permissive=0
03-24 00:23:23.605 10034 10034 I chatty  : uid=2000(shell) app_process identical 2 lines
03-24 00:23:23.605 10034 10034 W app_process: type=1400 audit(0.0:1711): avc: denied { read } for name="u:object_r:device_config_runtime_native_boot_prop:s0" dev="tmpfs" ino=9388 scontext=u:r:shell:s0 tcontext=u:object_r:device_config_runtime_native_boot_prop:s0 tclass=file permissive=0
03-24 00:23:23.678 10034 10034 W app_process: Could not reserve sentinel fault page
03-24 00:23:24.502 24552 24552 I GmsCoreXrpcWrapper: (REDACTED) Returning a channel provider with trafficStatsTag=%d trafficStatsUid=%d
03-24 00:23:24.543 23883 10040 I NetworkScheduler.Stats: (REDACTED) Task %s/%s started execution. cause:%s exec_start_elapsed_seconds: %s
03-24 00:23:24.745 23883 24509 W GLSUser : [DeviceKeyStore] Cannot load key: Device key file not found.
--------- beginning of system
03-24 00:23:24.798 23276 23306 I ActivityManager: Start proc 10041:com.google.android.gms.unstable/u0a108 for service {com.google.android.gms/com.google.android.gms.droidguard.DroidGuardService}
03-24 00:23:24.857 10041 10041 W id.gms.unstabl: Unexpected CPU variant for X86 using defaults: x86
03-24 00:23:24.906 10041 10041 E id.gms.unstabl: Not starting debugger since process cannot load the jdwp agent.
03-24 00:23:24.983 10041 10041 I id.gms.unstabl: The ClassLoaderContext is a special shared library.
03-24 00:23:25.021 10041 10041 I chatty  : uid=10108 com.google.android.gms.unstable identical 1 line
03-24 00:23:25.054 10041 10041 I id.gms.unstabl: The ClassLoaderContext is a special shared library.
03-24 00:23:25.130 10041 10041 W id.gms.unstabl: JIT profile information will not be recorded: profile file does not exist.
03-24 00:23:25.130 10041 10041 W id.gms.unstabl: JIT profile information will not be recorded: profile file does not exist.
03-24 00:23:25.659 10041 10041 W ProviderHelper: Unknown dynamite feature providerinstaller.dynamite
03-24 00:23:25.662 10041 10041 I DynamiteModule: Considering local module com.google.android.gms.providerinstaller.dynamite:1 and remote module com.google.android.gms.providerinstaller.dynamite:0
03-24 00:23:25.662 10041 10041 I DynamiteModule: Selected local version of com.google.android.gms.providerinstaller.dynamite
03-24 00:23:25.833 10034 10034 W app_process: Unexpected CPU variant for X86 using defaults: x86
03-24 00:23:25.864 10034 10034 I app_process: The ClassLoaderContext is a special shared library.
03-24 00:23:25.984 10041 10069 I CondFlagRegistrar: Registered for com.google.android.gms.providerinstaller#com.google.android.gms
03-24 00:23:26.056 10034 10034 W app_process: JNI RegisterNativeMethods: attempt to register 0 native methods for android.media.AudioAttributes
03-24 00:23:26.188 10041 10041 I ProviderInstaller: Installed default security provider GmsCore_OpenSSL
03-24 00:23:26.658 10041 10092 I Watchcat: Started
03-24 00:23:26.722 10041 10092 I GMS_MM_Logger: (REDACTED) Start time: %s
03-24 00:23:26.724 10041 10092 I GMS_MM_Logger: Started.
03-24 00:23:26.781 10109 10110 I cmd     : oneway function results will be dropped but finished with status OK and parcel size 4
03-24 00:23:26.926 10041 10053 I id.gms.unstabl: Background young concurrent copying GC freed 37522(2500KB) AllocSpace objects, 8(152KB) LOS objects, 89% free, 2923KB/26MB, paused 7.310ms total 102.890ms
03-24 00:23:26.978 10117 10117 E libc    : Access denied finding property "persist.device_config.runtime_native_boot.profilebootclasspath"
03-24 00:23:26.979 10117 10117 E libc    : Access denied finding property "persist.device_config.runtime_native_boot.enable_apex_image"
03-24 00:23:26.979 10117 10117 I AndroidRuntime: Using default boot image
03-24 00:23:26.979 10117 10117 E libc    : Access denied finding property "persist.device_config.runtime_native_boot.disable_lock_profiling"
03-24 00:23:26.979 10117 10117 I AndroidRuntime: Leaving lock profiling enabled
03-24 00:23:26.979 10117 10117 E libc    : Access denied finding property "persist.device_config.runtime_native_boot.enable_generational_cc"
03-24 00:23:26.973 10117 10117 W app_process: type=1400 audit(0.0:1712): avc: denied { read } for name="u:object_r:device_config_runtime_native_boot_prop:s0" dev="tmpfs" ino=9388 scontext=u:r:shell:s0 tcontext=u:object_r:device_config_runtime_native_boot_prop:s0 tclass=file permissive=0
03-24 00:23:27.327 10041 10057 E libc    : Access denied finding property "persist.adb.tls_server.enable"
03-24 00:23:27.321 10041 10041 W Binder:10041_1: type=1400 audit(0.0:1716): avc: denied { read } for name="u:object_r:system_adbd_prop:s0" dev="tmpfs" ino=9479 scontext=u:r:gmscore_app:s0:c512,c768 tcontext=u:object_r:system_adbd_prop:s0 tclass=file permissive=0 app=com.google.android.gms
03-24 00:23:27.544 24552 27309 I Checkin : [CheckinApiChimeraService] onGetService
03-24 00:23:27.600 10117 10117 W app_process: Unexpected CPU variant for X86 using defaults: x86
03-24 00:23:27.604 10117 10117 I app_process: The ClassLoaderContext is a special shared library.
03-24 00:23:27.629 10117 10117 W app_process: JNI RegisterNativeMethods: attempt to register 0 native methods for android.media.AudioAttributes
03-24 00:23:27.643 23883 24509 W GmsUrlRequestImpl: Content-Type header is overwritten.
03-24 00:23:27.657 23276 23292 E RemoteAugmentedAutofillService: Bad service name for flags 1048704: com.google.android.as/com.google.android.apps.miphone.aiai.app.AiAiAugmentedAutofillService
03-24 00:23:27.944 23883 24509 W GLSUser : [AppCertManager] Exception while requesting key: 
03-24 00:23:27.944 23883 24509 W GLSUser : java.util.concurrent.ExecutionException: bxcq: Parse Proto Exception with response code 400
03-24 00:23:27.944 23883 24509 W GLSUser : 	at esez.s(:com.google.android.gms@250832025@25.08.32 (150700-731361394):21)
03-24 00:23:27.944 23883 24509 W GLSUser : 	at esez.get(:com.google.android.gms@250832025@25.08.32 (150700-731361394):10)
03-24 00:23:27.944 23883 24509 W GLSUser : 	at abjc.b(:com.google.android.gms@250832025@25.08.32 (150700-731361394):454)
03-24 00:23:27.944 23883 24509 W GLSUser : 	at abja.a(:com.google.android.gms@250832025@25.08.32 (150700-731361394):69)
03-24 00:23:27.944 23883 24509 W GLSUser : 	at abja.fm(:com.google.android.gms@250832025@25.08.32 (150700-731361394):16)
03-24 00:23:27.944 23883 24509 W GLSUser : 	at qmv.onTransact(:com.google.android.gms@250832025@25.08.32 (150700-731361394):97)
03-24 00:23:27.944 23883 24509 W GLSUser : 	at android.os.Binder.transact(Binder.java:1043)
03-24 00:23:27.944 23883 24509 W GLSUser : 	at bpqc.onTransact(:com.google.android.gms@250832025@25.08.32 (150700-731361394):10)
03-24 00:23:27.944 23883 24509 W GLSUser : 	at android.os.Binder.transact(Binder.java:1043)
03-24 00:23:27.944 23883 24509 W GLSUser : 	at bgux.onTransact(:com.google.android.gms@250832025@25.08.32 (150700-731361394):148)
03-24 00:23:27.944 23883 24509 W GLSUser : 	at android.os.Binder.execTransactInternal(Binder.java:1159)
03-24 00:23:27.944 23883 24509 W GLSUser : 	at android.os.Binder.execTransact(Binder.java:1123)
03-24 00:23:27.944 23883 24509 W GLSUser : Caused by: bxcq: Parse Proto Exception with response code 400
03-24 00:23:27.944 23883 24509 W GLSUser : 	at bxds.b(:com.google.android.gms@250832025@25.08.32 (150700-731361394):80)
03-24 00:23:27.944 23883 24509 W GLSUser : 	at bxgm.d(:com.google.android.gms@250832025@25.08.32 (150700-731361394):18)
03-24 00:23:27.944 23883 24509 W GLSUser : 	at bxha.onSucceeded(:com.google.android.gms@250832025@25.08.32 (150700-731361394):9)
03-24 00:23:27.944 23883 24509 W GLSUser : 	at m.li.onSucceeded(:com.google.android.gms.dynamite_cronetdynamite@250832025@25.08.32 (150700-0):3)
03-24 00:23:27.944 23883 24509 W GLSUser : 	at m.kg.run(:com.google.android.gms.dynamite_cronetdynamite@250832025@25.08.32 (150700-0):25)
03-24 00:23:27.944 23883 24509 W GLSUser : 	at m.ka.run(:com.google.android.gms.dynamite_cronetdynamite@250832025@25.08.32 (150700-0):31)
03-24 00:23:27.944 23883 24509 W GLSUser : 	at arvc.c(:com.google.android.gms@250832025@25.08.32 (150700-731361394):50)
03-24 00:23:27.944 23883 24509 W GLSUser : 	at arvc.run(:com.google.android.gms@250832025@25.08.32 (150700-731361394):76)
03-24 00:23:27.944 23883 24509 W GLSUser : 	at java.util.concurrent.ThreadPoolExecutor.runWorker(ThreadPoolExecutor.java:1167)
03-24 00:23:27.944 23883 24509 W GLSUser : 	at java.util.concurrent.ThreadPoolExecutor$Worker.run(ThreadPoolExecutor.java:641)
03-24 00:23:27.944 23883 24509 W GLSUser : 	at asaq.run(:com.google.android.gms@250832025@25.08.32 (150700-731361394):8)
03-24 00:23:27.944 23883 24509 W GLSUser : 	at java.lang.Thread.run(Thread.java:923)
03-24 00:23:27.944 23883 24509 W GLSUser : Caused by: fjhk: Protocol message contained an invalid tag (zero).
03-24 00:23:27.944 23883 24509 W GLSUser : 	at fjel.l(:com.google.android.gms@250832025@25.08.32 (150700-731361394):43)
03-24 00:23:27.944 23883 24509 W GLSUser : 	at fjij.c(:com.google.android.gms@250832025@25.08.32 (150700-731361394):394)
03-24 00:23:27.944 23883 24509 W GLSUser : 	at fjij.i(:com.google.android.gms@250832025@25.08.32 (150700-731361394):8)
03-24 00:23:27.944 23883 24509 W GLSUser : 	at fjgp.A(:com.google.android.gms@250832025@25.08.32 (150700-731361394):23)
03-24 00:23:27.944 23883 24509 W GLSUser : 	at fjgk.f(:com.google.android.gms@250832025@25.08.32 (150700-731361394):3)
03-24 00:23:27.944 23883 24509 W GLSUser : 	at fjeh.d(:com.google.android.gms@250832025@25.08.32 (150700-731361394):1)
03-24 00:23:27.944 23883 24509 W GLSUser : 	at fjeh.c(:com.google.android.gms@250832025@25.08.32 (150700-731361394):3)
03-24 00:23:27.944 23883 24509 W GLSUser : 	at fjeh.n(:com.google.android.gms@250832025@25.08.32 (150700-731361394):1)
03-24 00:23:27.944 23883 24509 W GLSUser : 	at bxds.g(:com.google.android.gms@250832025@25.08.32 (150700-731361394):69)
03-24 00:23:27.944 23883 24509 W GLSUser : 	at bxds.b(:com.google.android.gms@250832025@25.08.32 (150700-731361394):11)
03-24 00:23:27.944 23883 24509 W GLSUser : 	... 11 more
03-24 00:23:27.949 23883 24509 W GLSUser : [DeviceKeyStore] Cannot load key: Device key file not found.
03-24 00:23:28.141 24552 26569 E gapj    : *~*~*~ Previous channel {0} was garbage collected without being shut down! ~*~*~*
03-24 00:23:28.141 24552 26569 E gapj    :     Make sure to call shutdown()/shutdownNow()
03-24 00:23:28.141 24552 26569 E gapj    : java.lang.RuntimeException: ManagedChannel allocation site
03-24 00:23:28.141 24552 26569 E gapj    : 	at gapi.<init>(:com.google.android.gms@250832025@25.08.32 (150700-731361394):21)
03-24 00:23:28.141 24552 26569 E gapj    : 	at gapj.<init>(:com.google.android.gms@250832025@25.08.32 (150700-731361394):10)
03-24 00:23:28.141 24552 26569 E gapj    : 	at gaph.a(:com.google.android.gms@250832025@25.08.32 (150700-731361394):260)
03-24 00:23:28.141 24552 26569 E gapj    : 	at gaah.a(:com.google.android.gms@250832025@25.08.32 (150700-731361394):5)
03-24 00:23:28.141 24552 26569 E gapj    : 	at bykg.g(:com.google.android.gms@250832025@25.08.32 (150700-731361394):81)
03-24 00:23:28.141 24552 26569 E gapj    : 	at evop.a(:com.google.android.gms@250832025@25.08.32 (150700-731361394):219)
03-24 00:23:28.141 24552 26569 E gapj    : 	at eksb.a(:com.google.android.gms@250832025@25.08.32 (150700-731361394):13)
03-24 00:23:28.141 24552 26569 E gapj    : 	at esja.a(:com.google.android.gms@250832025@25.08.32 (150700-731361394):3)
03-24 00:23:28.141 24552 26569 E gapj    : 	at esib.run(:com.google.android.gms@250832025@25.08.32 (150700-731361394):19)
03-24 00:23:28.141 24552 26569 E gapj    : 	at esjc.run(:com.google.android.gms@250832025@25.08.32 (150700-731361394):5)
03-24 00:23:28.141 24552 26569 E gapj    : 	at arvc.c(:com.google.android.gms@250832025@25.08.32 (150700-731361394):50)
03-24 00:23:28.141 24552 26569 E gapj    : 	at arvc.run(:com.google.android.gms@250832025@25.08.32 (150700-731361394):76)
03-24 00:23:28.141 24552 26569 E gapj    : 	at java.util.concurrent.ThreadPoolExecutor.runWorker(ThreadPoolExecutor.java:1167)
03-24 00:23:28.141 24552 26569 E gapj    : 	at java.util.concurrent.ThreadPoolExecutor$Worker.run(ThreadPoolExecutor.java:641)
03-24 00:23:28.141 24552 26569 E gapj    : 	at asaq.run(:com.google.android.gms@250832025@25.08.32 (150700-731361394):8)
03-24 00:23:28.141 24552 26569 E gapj    : 	at java.lang.Thread.run(Thread.java:923)
03-24 00:23:28.247 10149 10154 I cmd     : oneway function results will be dropped but finished with status OK and parcel size 4
03-24 00:23:28.250 10153 10156 I cmd     : oneway function results will be dropped but finished with status OK and parcel size 4
03-24 00:23:28.362   173   173 I servicemanager: Since 'apexservice' could not be found, trying to start it as a lazy AIDL service
03-24 00:23:28.460 24552 25457 I cn_CronetUrlRequestContext: destroyNativeStreamLocked org.chromium.net.impl.CronetBidirectionalStream@cf5237d
03-24 00:23:28.485 24552  9574 I NotificationsModuleTask: Registering accounts to Chime Failed & Rescheduled for later. [CONTEXT service_id=358 ]
03-24 00:23:28.491 23883 10040 I NetworkScheduler.Stats: (REDACTED) Task %s/%s finished executing. cause:%s result: %s elapsed_millis: %s uptime_millis: %s exec_start_elapsed_seconds: %s
03-24 00:23:28.629   485   485 E netmgr  : qemu_pipe_open_ns:62: Could not connect to the 'pipe:qemud:network' service: Invalid argument
03-24 00:23:28.629   485   485 E netmgr  : Failed to open QEMU pipe 'qemud:network': Invalid argument
03-24 00:23:28.912   173   173 I BpBinder: onLastStrongRef automatically unlinking death recipients: <uncached descriptor>
03-24 00:23:28.923   173   173 I servicemanager: Tried to unregister apexservice, but there is about to be a client.
03-24 00:23:29.067   489   489 E wifi_forwarder: qemu_pipe_open_ns:62: Could not connect to the 'pipe:qemud:wififorward' service: Invalid argument
03-24 00:23:29.067   489   489 E wifi_forwarder: RemoteConnection failed to initialize: RemoteConnection failed to open pipe
03-24 00:23:29.675 23276 23475 I ActivityManager: Force stopping uk.ac.liv.catchit appid=10155 user=0: from pid 10205
03-24 00:23:29.676 23276 23475 I ActivityManager: Killing 29589:uk.ac.liv.catchit/u0a155 (adj 900): stop uk.ac.liv.catchit due to from pid 10205
03-24 00:23:29.740 30090 30090 I cr_ChildProcessService: Destroying ChildProcessService pid=30090
03-24 00:23:29.746 23276 23475 W ActivityTaskManager: Force removing ActivityRecord{bb7fc95 u0 uk.ac.liv.catchit/.CatchIt t67 f}}: app died, no saved state
03-24 00:23:29.752 30090 30090 I ocessService0:: System.exit called, status: 0
03-24 00:23:29.752 30090 30090 I AndroidRuntime: VM exiting with result code 0, cleanup skipped.
03-24 00:23:29.776 23276 23634 W WindowManager: Cannot find window which accessibility connection is added to
03-24 00:23:29.786 23276 23475 I ActivityManager: Killing 30090:com.google.android.webview:sandboxed_process0:org.chromium.content.app.SandboxedProcessService0:1/u0a155i2 (adj 0): isolated not needed
03-24 00:23:29.789 10205 10207 I cmd     : oneway function results will be dropped but finished with status OK and parcel size 4
03-24 00:23:29.790 23238 23238 I Zygote  : Process 29589 exited due to signal 9 (Killed)
03-24 00:23:29.791 23276 23292 W Looper  : Slow dispatch took 116ms android.ui h=com.android.server.am.ActivityManagerService$UiHandler c=null m=53
03-24 00:23:29.820 23276 23294 W ActivityManager: setHasOverlayUi called on unknown pid: 29589
03-24 00:23:29.828 23276 23307 I libprocessgroup: Successfully killed process cgroup uid 10155 pid 29589 in 110ms
03-24 00:23:29.835 23276 23307 I libprocessgroup: Successfully killed process cgroup uid 99002 pid 30090 in 1ms
03-24 00:23:29.851 23505 23505 I Zygote  : Process 30090 exited cleanly (0)
03-24 00:23:30.000   173   173 I servicemanager: Notifying apexservice they have clients: 1
03-24 00:23:30.283 10213 10213 E libc    : Access denied finding property "persist.device_config.runtime_native_boot.profilebootclasspath"
03-24 00:23:30.284 10213 10213 E libc    : Access denied finding property "persist.device_config.runtime_native_boot.enable_apex_image"
03-24 00:23:30.284 10213 10213 I AndroidRuntime: Using default boot image
03-24 00:23:30.285 10213 10213 E libc    : Access denied finding property "persist.device_config.runtime_native_boot.disable_lock_profiling"
03-24 00:23:30.285 10213 10213 I AndroidRuntime: Leaving lock profiling enabled
03-24 00:23:30.285 10213 10213 E libc    : Access denied finding property "persist.device_config.runtime_native_boot.enable_generational_cc"
03-24 00:23:30.269 10213 10213 W app_process: type=1400 audit(0.0:1717): avc: denied { read } for name="u:object_r:device_config_runtime_native_boot_prop:s0" dev="tmpfs" ino=9388 scontext=u:r:shell:s0 tcontext=u:object_r:device_config_runtime_native_boot_prop:s0 tclass=file permissive=0
03-24 00:23:30.289 10213 10213 W app_process: Could not reserve sentinel fault page
03-24 00:23:30.277 10213 10213 W app_process: type=1400 audit(0.0:1718): avc: denied { read } for name="u:object_r:device_config_runtime_native_boot_prop:s0" dev="tmpfs" ino=9388 scontext=u:r:shell:s0 tcontext=u:object_r:device_config_runtime_native_boot_prop:s0 tclass=file permissive=0
03-24 00:23:30.281 10213 10213 I chatty  : uid=2000(shell) main identical 1 line
03-24 00:23:30.281 10213 10213 W app_process: type=1400 audit(0.0:1720): avc: denied { read } for name="u:object_r:device_config_runtime_native_boot_prop:s0" dev="tmpfs" ino=9388 scontext=u:r:shell:s0 tcontext=u:object_r:device_config_runtime_native_boot_prop:s0 tclass=file permissive=0
03-24 00:23:30.994 10213 10213 W app_process: Unexpected CPU variant for X86 using defaults: x86
03-24 00:23:30.996 10213 10213 I app_process: The ClassLoaderContext is a special shared library.
03-24 00:23:31.014 10213 10213 W app_process: JNI RegisterNativeMethods: attempt to register 0 native methods for android.media.AudioAttributes
03-24 00:23:31.048 23276 23292 I ActivityTaskManager: START u0 {act=android.intent.action.MAIN cat=[android.intent.category.HOME] flg=0x10000100 cmp=com.google.android.apps.nexuslauncher/.NexusLauncherActivity (has extras)} from uid 0
03-24 00:23:31.059 23276 23475 W ActivityManager: Unable to start service Intent { act=android.service.appprediction.AppPredictionService cmp=com.google.android.as/com.google.android.apps.miphone.aiai.app.AiAiPredictionService } U=0: not found
03-24 00:23:31.059 23276 23475 W RemoteAppPredictionService: could not bind to Intent { act=android.service.appprediction.AppPredictionService cmp=com.google.android.as/com.google.android.apps.miphone.aiai.app.AiAiPredictionService } using flags 67108865
03-24 00:23:31.354 10249 10253 I cmd     : oneway function results will be dropped but finished with status OK and parcel size 4
03-24 00:23:34.018 10284 10286 I cmd     : oneway function results will be dropped but finished with status OK and parcel size 4
03-24 00:23:34.454 23276 23287 W System  : A resource failed to call release. 
03-24 00:23:34.454 23276 23287 I chatty  : uid=1000(system) FinalizerDaemon identical 1 line
03-24 00:23:34.454 23276 23287 W System  : A resource failed to call release. 
03-24 00:23:34.728 10311 10313 I cmd     : oneway function results will be dropped but finished with status OK and parcel size 4
03-24 00:23:34.999   173   173 I servicemanager: Notifying apexservice they have clients: 0
03-24 00:23:35.015   173   173 I BpBinder: onLastStrongRef automatically unlinking death recipients: <uncached descriptor>
03-24 00:23:38.461 10346 10348 I cmd     : oneway function results will be dropped but finished with status OK and parcel size 4
03-24 00:23:38.757 23276 23855 I ActivityTaskManager: START u0 {act=android.intent.action.MAIN cat=[android.intent.category.LAUNCHER] flg=0x10000000 cmp=uk.ac.liv.catchit/.CatchIt} from uid 2000
03-24 00:23:38.782 10358 10360 I cmd     : oneway function results will be dropped but finished with status OK and parcel size 4
03-24 00:23:38.873 23276 23306 W ActivityManager: Slow operation: 84ms so far, now at startProcess: returned from zygote!
03-24 00:23:38.873 23276 23306 W ActivityManager: Slow operation: 84ms so far, now at startProcess: done updating battery stats
03-24 00:23:38.873 23276 23306 W ActivityManager: Slow operation: 84ms so far, now at startProcess: building log message
03-24 00:23:38.873 23276 23306 I ActivityManager: Start proc 10361:uk.ac.liv.catchit/u0a155 for pre-top-activity {uk.ac.liv.catchit/uk.ac.liv.catchit.CatchIt}
03-24 00:23:38.874 23276 23306 W ActivityManager: Slow operation: 84ms so far, now at startProcess: starting to update pids map
03-24 00:23:38.874 23276 23306 W ActivityManager: Slow operation: 85ms so far, now at startProcess: done updating pids map
03-24 00:23:38.876 24247 24247 I ckkw    : onPause
03-24 00:23:38.940 10361 10361 W .ac.liv.catchi: Unexpected CPU variant for X86 using defaults: x86
03-24 00:23:38.969 10361 10361 E .ac.liv.catchi: Not starting debugger since process cannot load the jdwp agent.
03-24 00:23:38.995 23276 23855 W InputReader: Device virtio_input_multi_touch_9 is associated with display ADISPLAY_ID_NONE.
03-24 00:23:38.995 23276 23855 W InputReader: Device virtio_input_multi_touch_7 is associated with display ADISPLAY_ID_NONE.
03-24 00:23:38.995 23276 23855 W InputReader: Device virtio_input_multi_touch_10 is associated with display ADISPLAY_ID_NONE.
03-24 00:23:38.995 23276 23855 W InputReader: Device virtio_input_multi_touch_4 is associated with display ADISPLAY_ID_NONE.
03-24 00:23:38.995 23276 23855 W InputReader: Device virtio_input_multi_touch_11 is associated with display ADISPLAY_ID_NONE.
03-24 00:23:38.995 23276 23855 W InputReader: Device virtio_input_multi_touch_6 is associated with display ADISPLAY_ID_NONE.
03-24 00:23:38.995 23276 23855 W InputReader: Device virtio_input_multi_touch_3 is associated with display ADISPLAY_ID_NONE.
03-24 00:23:38.995 23276 23855 W InputReader: Device virtio_input_multi_touch_5 is associated with display ADISPLAY_ID_NONE.
03-24 00:23:38.995 23276 23855 W InputReader: Device virtio_input_multi_touch_2 is associated with display ADISPLAY_ID_NONE.
03-24 00:23:38.995 23276 23855 W InputReader: Device virtio_input_multi_touch_8 is associated with display ADISPLAY_ID_NONE.
03-24 00:23:38.996 23276 23855 W InputReader: Device virtio_input_multi_touch_9 is associated with display ADISPLAY_ID_NONE.
03-24 00:23:38.996 23276 23855 W InputReader: Device virtio_input_multi_touch_7 is associated with display ADISPLAY_ID_NONE.
03-24 00:23:38.996 23276 23855 W InputReader: Device virtio_input_multi_touch_10 is associated with display ADISPLAY_ID_NONE.
03-24 00:23:38.996 23276 23855 W InputReader: Device virtio_input_multi_touch_4 is associated with display ADISPLAY_ID_NONE.
03-24 00:23:38.996 23276 23855 W InputReader: Device virtio_input_multi_touch_11 is associated with display ADISPLAY_ID_NONE.
03-24 00:23:38.996 23276 23855 W InputReader: Device virtio_input_multi_touch_6 is associated with display ADISPLAY_ID_NONE.
03-24 00:23:38.996 23276 23855 W InputReader: Device virtio_input_multi_touch_3 is associated with display ADISPLAY_ID_NONE.
03-24 00:23:38.996 23276 23855 W InputReader: Device virtio_input_multi_touch_5 is associated with display ADISPLAY_ID_NONE.
03-24 00:23:38.996 23276 23855 W InputReader: Device virtio_input_multi_touch_2 is associated with display ADISPLAY_ID_NONE.
03-24 00:23:38.996 23276 23855 W InputReader: Device virtio_input_multi_touch_8 is associated with display ADISPLAY_ID_NONE.
03-24 00:23:39.074 23746 23760 W System  : A resource failed to call release. 
03-24 00:23:39.075 23746 23760 I chatty  : uid=10137(com.google.android.apps.nexuslauncher) FinalizerDaemon identical 1 line
03-24 00:23:39.076 23746 23760 W System  : A resource failed to call release. 
03-24 00:23:39.140 10389 10391 I cmd     : oneway function results will be dropped but finished with status OK and parcel size 4
03-24 00:23:39.315 10361 10361 I CordovaLog: Changing log level to DEBUG(3)
03-24 00:23:39.315 10361 10361 I CordovaActivity: Apache Cordova native platform version 7.0.0 is starting
03-24 00:23:39.454 10361 10361 I WebViewFactory: Loading com.google.android.webview version 134.0.6998.39 (code 699803936)
03-24 00:23:39.485 10361 10361 E webviewchromiumloader: Failed to open relro file /data/misc/shared_relro/libwebviewchromium32.relro: No such file or directory
03-24 00:23:39.485 10361 10361 W WebViewLibraryLoader: failed to load with relro file, proceeding without
03-24 00:23:39.645 10361 10361 I cr_WVCFactoryProvider: version=134.0.6998.39 (699803936) minSdkVersion=29 isBundle=false multiprocess=true packageId=127
03-24 00:23:39.810 10361 10407 E chromium: [0324/002339.803884:ERROR:variations_seed_loader.cc(39)] Seed missing signature.
03-24 00:23:39.819 10361 10407 I chromium: [0324/002339.815338:INFO:variations_seed_loader.cc(67)] Failed to open file for reading.: No such file or directory (2)
03-24 00:23:39.849 10409 10409 W webview_servic: Unexpected CPU variant for X86 using defaults: x86
03-24 00:23:39.852 23276 23306 I ActivityManager: Start proc 10409:com.google.android.webview:webview_service/u0a114 for service {com.google.android.webview/org.chromium.android_webview.services.VariationsSeedServer}
03-24 00:23:39.873 10409 10409 E webview_servic: Not starting debugger since process cannot load the jdwp agent.
03-24 00:23:39.904 10361 10361 I cr_LibraryLoader: Successfully loaded native library
03-24 00:23:39.909 10361 10361 I cr_CachingUmaRecorder: Flushed 5 samples from 5 histograms, 0 samples were dropped.
03-24 00:23:39.914 10409 10409 I LoadedApk: No resource references to update in package com.google.android.trichromelibrary
03-24 00:23:39.916 10409 10409 I cr_WebViewApkApp: version=134.0.6998.39 (699803936) minSdkVersion=29 isBundle=false processName=com.google.android.webview:webview_service
03-24 00:23:40.007 10361 10361 I cr_CombinedPProvider: #registerProvider() provider:WV.I8@199dc9d isPolicyCacheEnabled:false policyProvidersSize:0
03-24 00:23:40.008 10361 10361 I cr_PolicyProvider: #setManagerAndSource() 0
03-24 00:23:40.246 23276 23306 W ActivityManager: Slow operation: 194ms so far, now at startProcess: returned from zygote!
03-24 00:23:40.246 23276 23306 W ActivityManager: Slow operation: 194ms so far, now at startProcess: done updating battery stats
03-24 00:23:40.247 23276 23306 W ActivityManager: Slow operation: 194ms so far, now at startProcess: building log message
03-24 00:23:40.247 23276 23306 I ActivityManager: Start proc 10432:com.google.android.webview:sandboxed_process0:org.chromium.content.app.SandboxedProcessService0:0/u0i3 for  {uk.ac.liv.catchit/org.chromium.content.app.SandboxedProcessService0:0}
03-24 00:23:40.247 23276 23306 W ActivityManager: Slow operation: 194ms so far, now at startProcess: starting to update pids map
03-24 00:23:40.249 23276 23306 W ActivityManager: Slow operation: 196ms so far, now at startProcess: done updating pids map
03-24 00:23:40.314 10432 10432 W ocessService0:: Unexpected CPU variant for X86 using defaults: x86
03-24 00:23:40.330 10361 10361 I cr_CombinedPProvider: #linkNativeInternal() 1
03-24 00:23:40.341 10361 10361 I cr_AppResProvider: #getApplicationRestrictionsFromUserManager() Bundle[EMPTY_PARCEL]
03-24 00:23:40.342 10361 10361 I cr_PolicyProvider: #notifySettingsAvailable() 0
03-24 00:23:40.342 10361 10361 I cr_CombinedPProvider: #onSettingsAvailable() 0
03-24 00:23:40.342 10361 10361 I cr_CombinedPProvider: #flushPolicies()
03-24 00:23:40.347 10432 10432 E ocessService0:: Not starting debugger since process cannot load the jdwp agent.
03-24 00:23:40.427 10432 10432 I LoadedApk: No resource references to update in package com.google.android.trichromelibrary
03-24 00:23:40.446 10432 10432 I cr_WebViewApkApp: version=134.0.6998.39 (699803936) minSdkVersion=29 isBundle=false processName=com.google.android.webview:sandboxed_process0:org.chromium.content.app.SandboxedProcessService0:0
03-24 00:23:40.453 10432 10432 I cr_ChildProcessService: Creating new ChildProcessService pid=10432
03-24 00:23:40.470 10432 10432 E webviewchromiumloader: Failed to open relro file /data/misc/shared_relro/libwebviewchromium32.relro: No such file or directory
03-24 00:23:40.470 10432 10432 W WebViewLibraryLoader: failed to load with relro file, proceeding without
03-24 00:23:40.527 10361 10361 I TetheringManager: registerTetheringEventCallback:uk.ac.liv.catchit
03-24 00:23:41.792 10361 10459 W cr_media: getBluetoothAdapter() requires BLUETOOTH permission
03-24 00:23:41.792 10361 10459 W cr_media: registerBluetoothIntentsIfNeeded: Requires BLUETOOTH permission
03-24 00:23:42.137 10432 10449 I cr_LibraryLoader: Successfully loaded native library
03-24 00:23:42.139 10432 10449 I cr_CachingUmaRecorder: Flushed 2 samples from 2 histograms, 0 samples were dropped.
03-24 00:23:42.209 10432 10449 W SystemServiceRegistry: No service published for: uimode
03-24 00:23:42.357 10409 10421 I webview_servic: Background young concurrent copying GC freed 23441(1417KB) AllocSpace objects, 2(40KB) LOS objects, 92% free, 1875KB/25MB, paused 19.920ms total 482.330ms
03-24 00:23:42.370 10361 10524 I CameraManagerGlobal: Connecting to camera service
03-24 00:23:42.372 10361 10361 I Choreographer: Skipped 50 frames!  The application may be doing too much work on its main thread.
03-24 00:23:42.381   174   174 I hwservicemanager: getTransport: Cannot find entry android.hardware.configstore@1.0::ISurfaceFlingerConfigs/default in either framework or device manifest.
03-24 00:23:42.429 10361 10508 E chromium: [ERROR:gl_surface_egl.cc(156)] eglChooseConfig failed with error EGL_SUCCESS
03-24 00:23:42.523 10432 10449 W chromium: [WARNING:runtime_features.cc(550)] Fenced frames cannot be enabled in this configuration. Use --enable-features=FencedFrames instead.
03-24 00:23:42.524 10432 10449 W chromium: [WARNING:runtime_features.cc(575)] Topics cannot be enabled in this configuration. Use --enable-features=BrowsingTopics in addition.
03-24 00:23:42.524 10432 10449 W chromium: [WARNING:runtime_features.cc(596)] SharedStorage cannot be enabled in this configuration. Use --enable-features=SharedStorageAPI in addition.
03-24 00:23:42.600 10361 10508 E chromium: [ERROR:gl_surface_egl.cc(156)] eglChooseConfig failed with error EGL_SUCCESS
03-24 00:23:42.613 10361 10395 W OpenGLRenderer: Failed to choose config with EGL_SWAP_BEHAVIOR_PRESERVED, retrying without...
03-24 00:23:42.617 23241 24182 W ServiceManager: Permission failure: android.permission.CAMERA_OPEN_CLOSE_LISTENER from uid=10155 pid=10361
03-24 00:23:42.634 10361 10508 W chromium: [WARNING:viz_main_impl.cc(85)] VizNullHypothesis is disabled (not a warning)
03-24 00:23:42.653 10432 10442 I ocessService0:: Background concurrent copying GC freed 1663(178KB) AllocSpace objects, 1(16KB) LOS objects, 49% free, 1741KB/3482KB, paused 37.190ms total 362.685ms
03-24 00:23:42.685 23883 24514 I FontLog : (REDACTED) Received query %s, URI %s
03-24 00:23:42.686 23883 24514 I FontLog : (REDACTED) Query [%s] resolved to %s
03-24 00:23:42.694   174   174 I hwservicemanager: getTransport: Cannot find entry android.hardware.graphics.mapper@4.0::IMapper/default in either framework or device manifest.
03-24 00:23:42.696 10361 10395 I Gralloc4: mapper 4.x is not supported
03-24 00:23:42.714 23883 24514 I FontLog : (REDACTED) Font PFD returned from cache for %s
03-24 00:23:42.714 23883 24514 I FontLog : (REDACTED) Fetch %s end status %s
03-24 00:23:42.738 23276 23285 I system_server: Background young concurrent copying GC freed 373883(14MB) AllocSpace objects, 38(1184KB) LOS objects, 45% free, 18MB/34MB, paused 9.544ms total 99.748ms
03-24 00:23:42.741 23883 24514 I FontLog : (REDACTED) Pulling font file for id = %d, cache size = %d
03-24 00:23:42.745 23276 23287 W System  : A resource failed to call release. 
03-24 00:23:42.759 23883 24509 I FontLog : (REDACTED) Received query %s, URI %s
03-24 00:23:42.759 23883 24509 I FontLog : (REDACTED) Query [%s] resolved to %s
03-24 00:23:42.787 23883 24509 I FontLog : (REDACTED) Fetch %s end status %s
03-24 00:23:42.793 23883 24509 I FontLog : (REDACTED) Pulling font file for id = %d, cache size = %d
03-24 00:23:42.797 23883 24509 I FontLog : (REDACTED) Received query %s, URI %s
03-24 00:23:42.797 23883 24509 I FontLog : (REDACTED) Query [%s] resolved to %s
03-24 00:23:42.798 23883 24509 I FontLog : (REDACTED) Font PFD returned from cache for %s
03-24 00:23:42.798 23883 24509 I FontLog : (REDACTED) Fetch %s end status %s
03-24 00:23:42.809 23883 24509 I FontLog : (REDACTED) Pulling font file for id = %d, cache size = %d
03-24 00:23:42.818 23883 24514 I FontLog : (REDACTED) Received query %s, URI %s
03-24 00:23:42.818 23883 24514 I FontLog : (REDACTED) Query [%s] resolved to %s
03-24 00:23:42.819 23883 24514 I FontLog : (REDACTED) Font PFD returned from cache for %s
03-24 00:23:42.820 23883 24514 I FontLog : (REDACTED) Fetch %s end status %s
03-24 00:23:42.831 23883 24514 I FontLog : (REDACTED) Pulling font file for id = %d, cache size = %d
03-24 00:23:42.837 23883 24514 I FontLog : (REDACTED) Received query %s, URI %s
03-24 00:23:42.837 23883 24514 I FontLog : (REDACTED) Query [%s] resolved to %s
03-24 00:23:42.839 23883 24514 I FontLog : (REDACTED) Font PFD returned from cache for %s
03-24 00:23:42.840 23883 24514 I FontLog : (REDACTED) Fetch %s end status %s
03-24 00:23:42.849 23883 24514 I FontLog : (REDACTED) Pulling font file for id = %d, cache size = %d
03-24 00:23:42.866 23883 10549 I SQLiteConnectionPool: The connection pool for /data/user/0/com.google.android.gms/databases/metadata.db has been closed but there are still 1 connections in use.  They will be closed as they are released back to the pool.
03-24 00:23:42.878 23883 10550 W FontLog : Error updating last accessed time for {Google Sans, wdth 100.0, wght 500, ital 0.0, bestEffort false}, isVf false}. [CONTEXT service_id=132 ]
03-24 00:23:42.878 23883 10550 W FontLog : java.lang.IllegalStateException: Cannot perform this operation because the connection pool has been closed.
03-24 00:23:42.878 23883 10550 W FontLog : 	at android.database.sqlite.SQLiteConnectionPool.throwIfClosedLocked(SQLiteConnectionPool.java:1071)
03-24 00:23:42.878 23883 10550 W FontLog : 	at android.database.sqlite.SQLiteConnectionPool.waitForConnection(SQLiteConnectionPool.java:763)
03-24 00:23:42.878 23883 10550 W FontLog : 	at android.database.sqlite.SQLiteConnectionPool.acquireConnection(SQLiteConnectionPool.java:380)
03-24 00:23:42.878 23883 10550 W FontLog : 	at android.database.sqlite.SQLiteSession.acquireConnection(SQLiteSession.java:896)
03-24 00:23:42.878 23883 10550 W FontLog : 	at android.database.sqlite.SQLiteSession.executeForChangedRowCount(SQLiteSession.java:754)
03-24 00:23:42.878 23883 10550 W FontLog : 	at android.database.sqlite.SQLiteStatement.executeUpdateDelete(SQLiteStatement.java:66)
03-24 00:23:42.878 23883 10550 W FontLog : 	at android.database.sqlite.SQLiteDatabase.executeSql(SQLiteDatabase.java:1920)
03-24 00:23:42.878 23883 10550 W FontLog : 	at android.database.sqlite.SQLiteDatabase.execSQL(SQLiteDatabase.java:1897)
03-24 00:23:42.878 23883 10550 W FontLog : 	at bgog.run(:com.google.android.gms@250832025@25.08.32 (150700-731361394):59)
03-24 00:23:42.878 23883 10550 W FontLog : 	at arvc.c(:com.google.android.gms@250832025@25.08.32 (150700-731361394):50)
03-24 00:23:42.878 23883 10550 W FontLog : 	at arvc.run(:com.google.android.gms@250832025@25.08.32 (150700-731361394):76)
03-24 00:23:42.878 23883 10550 W FontLog : 	at java.util.concurrent.ThreadPoolExecutor.runWorker(ThreadPoolExecutor.java:1167)
03-24 00:23:42.878 23883 10550 W FontLog : 	at java.util.concurrent.ThreadPoolExecutor$Worker.run(ThreadPoolExecutor.java:641)
03-24 00:23:42.878 23883 10550 W FontLog : 	at asaq.run(:com.google.android.gms@250832025@25.08.32 (150700-731361394):8)
03-24 00:23:42.878 23883 10550 W FontLog : 	at java.lang.Thread.run(Thread.java:923)
03-24 00:23:42.894 10361 10395 I OpenGLRenderer: Davey! duration=1357ms; Flags=1, IntendedVsync=47174484120551, Vsync=47175317453851, OldestInputEvent=9223372036854775807, NewestInputEvent=0, HandleInputStart=47175328961440, AnimationStart=47175329018240, PerformTraversalsStart=47175336986540, DrawStart=47175705171840, SyncQueued=47175705803140, SyncStart=47175715667940, IssueDrawCommandsStart=47175715775440, SwapBuffers=47175816517840, FrameCompleted=47175850989740, DequeueBufferDuration=290500, QueueBufferDuration=1614300, GpuCompleted=0, 
03-24 00:23:43.030 10361 10395 I OpenGLRenderer: Davey! duration=1498ms; Flags=1, IntendedVsync=47174484120551, Vsync=47175317453851, OldestInputEvent=9223372036854775807, NewestInputEvent=0, HandleInputStart=47175328961440, AnimationStart=47175329018240, PerformTraversalsStart=47175336986540, DrawStart=47175924735140, SyncQueued=47175927524040, SyncStart=47175932255240, IssueDrawCommandsStart=47175933480540, SwapBuffers=47175951772440, FrameCompleted=47175986858740, DequeueBufferDuration=270800, QueueBufferDuration=1343200, GpuCompleted=0, 
03-24 00:23:43.101 10559 10560 I cmd     : oneway function results will be dropped but finished with status OK and parcel size 4
03-24 00:23:43.350 10570 10571 I cmd     : oneway function results will be dropped but finished with status OK and parcel size 4
03-24 00:23:43.388 10361 10395 I OpenGLRenderer: Davey! duration=1690ms; Flags=1, IntendedVsync=47174484120551, Vsync=47175317453851, OldestInputEvent=9223372036854775807, NewestInputEvent=0, HandleInputStart=47175328961440, AnimationStart=47175329018240, PerformTraversalsStart=47175336986540, DrawStart=47176114724940, SyncQueued=47176114994340, SyncStart=47176285601740, IssueDrawCommandsStart=47176285836740, SwapBuffers=47176286548440, FrameCompleted=47176345406440, DequeueBufferDuration=528900, QueueBufferDuration=4507800, GpuCompleted=0, 
03-24 00:23:43.687 23276 23304 I ActivityTaskManager: Displayed uk.ac.liv.catchit/.CatchIt: +4s785ms
03-24 00:23:43.734 10361 10361 I Choreographer: Skipped 80 frames!  The application may be doing too much work on its main thread.
03-24 00:23:43.845 24247 24247 I ckkw    : onStop
03-24 00:23:44.281 10361 10467 I VideoCapabilities: Unsupported profile 4 for video/mp4v-es
03-24 00:23:44.989 10643 10645 I cmd     : oneway function results will be dropped but finished with status OK and parcel size 4
03-24 00:23:45.246 10666 10668 I cmd     : oneway function results will be dropped but finished with status OK and parcel size 4
03-24 00:23:45.587 10678 10678 E libc    : Access denied finding property "persist.device_config.runtime_native_boot.profilebootclasspath"
03-24 00:23:45.587 10678 10678 E libc    : Access denied finding property "persist.device_config.runtime_native_boot.enable_apex_image"
03-24 00:23:45.587 10678 10678 I AndroidRuntime: Using default boot image
03-24 00:23:45.587 10678 10678 E libc    : Access denied finding property "persist.device_config.runtime_native_boot.disable_lock_profiling"
03-24 00:23:45.587 10678 10678 I AndroidRuntime: Leaving lock profiling enabled
03-24 00:23:45.588 10678 10678 E libc    : Access denied finding property "persist.device_config.runtime_native_boot.enable_generational_cc"
03-24 00:23:45.590 10678 10678 W app_process: Could not reserve sentinel fault page
03-24 00:23:45.581 10678 10678 W app_process: type=1400 audit(0.0:1721): avc: denied { read } for name="u:object_r:device_config_runtime_native_boot_prop:s0" dev="tmpfs" ino=9388 scontext=u:r:shell:s0 tcontext=u:object_r:device_config_runtime_native_boot_prop:s0 tclass=file permissive=0
03-24 00:23:45.585 10678 10678 W app_process: type=1400 audit(0.0:1724): avc: denied { read } for name="u:object_r:device_config_runtime_native_boot_prop:s0" dev="tmpfs" ino=9388 scontext=u:r:shell:s0 tcontext=u:object_r:device_config_runtime_native_boot_prop:s0 tclass=file permissive=0
03-24 00:23:45.628 10432 10554 E chromium: [ERROR:tile_manager.cc(999)] WARNING: tile memory limits exceeded, some content may not draw
03-24 00:23:45.631 10432 10554 E chromium: [ERROR:tile_manager.cc(999)] WARNING: tile memory limits exceeded, some content may not draw
03-24 00:23:45.742 10432 10554 E chromium: [ERROR:tile_manager.cc(999)] WARNING: tile memory limits exceeded, some content may not draw
03-24 00:23:45.750 10432 10554 E chromium: [ERROR:tile_manager.cc(999)] WARNING: tile memory limits exceeded, some content may not draw
03-24 00:23:45.898 10361 10361 I cr_A11yState: Enabled accessibility services list updated. [io.github.ylimit.droidbotapp/io.github.privacystreams.accessibility.PSAccessibilityService]
03-24 00:23:45.899 10361 10361 I cr_A11yState: Informing listeners of changes.
03-24 00:23:45.899 10361 10361 I cr_A11yState: New AccessibilityState: State{isScreenReaderEnabled=true, isTouchExplorationEnabled=false, isPerformGesturesEnabled=false, isAnyAccessibilityServiceEnabled=true, isAccessibilityToolPresent=true, isSpokenFeedbackServicePresent=true, isTextShowPasswordEnabled=true, isOnlyPasswordManagersEnabled=false}
03-24 00:23:47.690 10678 10678 W app_process: Unexpected CPU variant for X86 using defaults: x86
03-24 00:23:47.695 10678 10678 I app_process: The ClassLoaderContext is a special shared library.
03-24 00:23:47.722 10678 10678 W app_process: JNI RegisterNativeMethods: attempt to register 0 native methods for android.media.AudioAttributes
03-24 00:23:48.161 10728 10731 I cmd     : oneway function results will be dropped but finished with status OK and parcel size 4
03-24 00:23:49.243 10761 10763 I cmd     : oneway function results will be dropped but finished with status OK and parcel size 4
03-24 00:23:49.710 10780 10782 I cmd     : oneway function results will be dropped but finished with status OK and parcel size 4
03-24 00:23:50.033 10795 10797 I cmd     : oneway function results will be dropped but finished with status OK and parcel size 4
03-24 00:23:50.333 10810 10812 I cmd     : oneway function results will be dropped but finished with status OK and parcel size 4
03-24 00:23:50.692 10824 10824 E libc    : Access denied finding property "persist.device_config.runtime_native_boot.profilebootclasspath"
03-24 00:23:50.692 10824 10824 E libc    : Access denied finding property "persist.device_config.runtime_native_boot.enable_apex_image"
03-24 00:23:50.692 10824 10824 I AndroidRuntime: Using default boot image
03-24 00:23:50.692 10824 10824 E libc    : Access denied finding property "persist.device_config.runtime_native_boot.disable_lock_profiling"
03-24 00:23:50.692 10824 10824 I AndroidRuntime: Leaving lock profiling enabled
03-24 00:23:50.693 10824 10824 E libc    : Access denied finding property "persist.device_config.runtime_native_boot.enable_generational_cc"
03-24 00:23:50.695 10824 10824 W app_process: Could not reserve sentinel fault page
03-24 00:23:50.689 10824 10824 W app_process: type=1400 audit(0.0:1725): avc: denied { read } for name="u:object_r:device_config_runtime_native_boot_prop:s0" dev="tmpfs" ino=9388 scontext=u:r:shell:s0 tcontext=u:object_r:device_config_runtime_native_boot_prop:s0 tclass=file permissive=0
03-24 00:23:51.349 10824 10824 W app_process: Unexpected CPU variant for X86 using defaults: x86
03-24 00:23:51.351 10824 10824 I app_process: The ClassLoaderContext is a special shared library.
03-24 00:23:51.385 10824 10824 W app_process: JNI RegisterNativeMethods: attempt to register 0 native methods for android.media.AudioAttributes
03-24 00:23:52.894 10865 10867 I cmd     : oneway function results will be dropped but finished with status OK and parcel size 4
03-24 00:23:53.307 24116 24593 I bbdx    : (REDACTED) getHotwordActive::active query: %s, watch: %s, devices connected: %s
03-24 00:23:53.403 23276 23287 W System  : A resource failed to call release. 
03-24 00:23:53.404 23276 23287 I chatty  : uid=1000(system) FinalizerDaemon identical 2 lines
03-24 00:23:53.404 23276 23287 W System  : A resource failed to call release. 
03-24 00:23:53.666 10897 10900 I cmd     : oneway function results will be dropped but finished with status OK and parcel size 4
03-24 00:23:54.312 10939 10941 I cmd     : oneway function results will be dropped but finished with status OK and parcel size 4
03-24 00:23:54.647 10954 10956 I cmd     : oneway function results will be dropped but finished with status OK and parcel size 4
03-24 00:23:55.007 10966 10966 E libc    : Access denied finding property "persist.device_config.runtime_native_boot.profilebootclasspath"
03-24 00:23:55.007 10966 10966 E libc    : Access denied finding property "persist.device_config.runtime_native_boot.enable_apex_image"
03-24 00:23:55.007 10966 10966 I AndroidRuntime: Using default boot image
03-24 00:23:55.007 10966 10966 E libc    : Access denied finding property "persist.device_config.runtime_native_boot.disable_lock_profiling"
03-24 00:23:55.007 10966 10966 I AndroidRuntime: Leaving lock profiling enabled
03-24 00:23:55.008 10966 10966 E libc    : Access denied finding property "persist.device_config.runtime_native_boot.enable_generational_cc"
03-24 00:23:55.001 10966 10966 W app_process: type=1400 audit(0.0:1729): avc: denied { read } for name="u:object_r:device_config_runtime_native_boot_prop:s0" dev="tmpfs" ino=9388 scontext=u:r:shell:s0 tcontext=u:object_r:device_config_runtime_native_boot_prop:s0 tclass=file permissive=0
03-24 00:23:55.005 10966 10966 I chatty  : uid=2000(shell) main identical 2 lines
03-24 00:23:55.005 10966 10966 W app_process: type=1400 audit(0.0:1732): avc: denied { read } for name="u:object_r:device_config_runtime_native_boot_prop:s0" dev="tmpfs" ino=9388 scontext=u:r:shell:s0 tcontext=u:object_r:device_config_runtime_native_boot_prop:s0 tclass=file permissive=0
03-24 00:23:55.086 10966 10966 W app_process: Unexpected CPU variant for X86 using defaults: x86
03-24 00:23:55.090 10966 10966 I app_process: The ClassLoaderContext is a special shared library.
03-24 00:23:55.103 10966 10966 W app_process: JNI RegisterNativeMethods: attempt to register 0 native methods for android.media.AudioAttributes
03-24 00:23:56.583 11007 11009 I cmd     : oneway function results will be dropped but finished with status OK and parcel size 4
03-24 00:23:56.920 11022 11024 I cmd     : oneway function results will be dropped but finished with status OK and parcel size 4
03-24 00:23:57.236 11037 11039 I cmd     : oneway function results will be dropped but finished with status OK and parcel size 4
03-24 00:23:57.581 11054 11056 I cmd     : oneway function results will be dropped but finished with status OK and parcel size 4
03-24 00:23:58.049 11066 11066 E libc    : Access denied finding property "persist.device_config.runtime_native_boot.profilebootclasspath"
03-24 00:23:58.049 11066 11066 E libc    : Access denied finding property "persist.device_config.runtime_native_boot.enable_apex_image"
03-24 00:23:58.049 11066 11066 I AndroidRuntime: Using default boot image
03-24 00:23:58.049 11066 11066 E libc    : Access denied finding property "persist.device_config.runtime_native_boot.disable_lock_profiling"
03-24 00:23:58.049 11066 11066 I AndroidRuntime: Leaving lock profiling enabled
03-24 00:23:58.049 11066 11066 E libc    : Access denied finding property "persist.device_config.runtime_native_boot.enable_generational_cc"
03-24 00:23:58.045 11066 11066 W app_process: type=1400 audit(0.0:1733): avc: denied { read } for name="u:object_r:device_config_runtime_native_boot_prop:s0" dev="tmpfs" ino=9388 scontext=u:r:shell:s0 tcontext=u:object_r:device_config_runtime_native_boot_prop:s0 tclass=file permissive=0
03-24 00:23:58.137 11066 11066 W app_process: Unexpected CPU variant for X86 using defaults: x86
03-24 00:23:58.139 11066 11066 I app_process: The ClassLoaderContext is a special shared library.
03-24 00:23:58.154 11066 11066 W app_process: JNI RegisterNativeMethods: attempt to register 0 native methods for android.media.AudioAttributes
03-24 00:23:59.627 11108 11110 I cmd     : oneway function results will be dropped but finished with status OK and parcel size 4
